[  9%] Built target analyze
[ 18%] Built target storage
[ 25%] Built target planner
[ 28%] Building CXX object src/index/CMakeFiles/index.dir/ix_index_handle.cpp.o
[ 31%] Linking CXX static library ../../lib/libindex.a
[ 34%] Built target index
[ 43%] Built target recovery
[ 53%] Built target transaction
[ 59%] Built target system
[ 68%] Built target record
[ 75%] Built target execution
[ 93%] Built target parser
[ 96%] Linking CXX executable ../bin/rmdb
[100%] Built target rmdb
[100%] Built target tpcc_loader
[100%] Built target tpcc_driver
[ 20%] Built target storage
[ 35%] Built target index
[ 50%] Built target recovery
[ 65%] Built target transaction
[ 75%] Built target system
[ 90%] Built target record
[ 95%] Linking CXX executable ../../bin/b_plus_tree_insert_test
[100%] Built target b_plus_tree_insert_test
[ 20%] Built target storage
[ 35%] Built target index
[ 50%] Built target recovery
[ 65%] Built target transaction
[ 75%] Built target system
[ 90%] Built target record
[ 95%] Linking CXX executable ../../bin/b_plus_tree_delete_test
[100%] Built target b_plus_tree_delete_test
[ 20%] Built target storage
[ 35%] Built target index
[ 50%] Built target recovery
[ 65%] Built target transaction
[ 75%] Built target system
[ 90%] Built target record
[ 95%] Linking CXX executable ../../bin/b_plus_tree_concurrent_test
[100%] Built target b_plus_tree_concurrent_test
